2026-10-09 12:11:19,992 INFO: Scheduler iniciado. Executando uma coleta inicial antes de entrar no agendamento horário. Branch: main
2026-10-09 12:11:19,992 INFO: Iniciando ciclo de coleta e publicação.
2026-10-09 12:11:19,992 INFO: Executando: git pull --rebase origin main
2026-10-09 12:11:19,996 ERROR: Comando falhou (código 128): ['git', 'pull', '--rebase', 'origin', 'main']
2026-10-09 12:11:19,996 INFO: Agendamento horário ativo: execução aos minutos :05 de cada hora.
2026-10-09 12:14:50,120 INFO: Iniciando collect.py.
2026-10-09 12:14:58,616 INFO: collect.py terminou com sucesso.
2026-10-09 12:14:58,616 INFO: Agendamento ativo: collect.py será executado a cada hora, aos :05.
2026-10-09 12:16:29,088 INFO: Iniciando collect.py.
2026-10-09 12:17:03,536 INFO: collect.py terminou com sucesso.
2026-10-09 12:17:03,537 INFO: Agendamento ativo: collect.py será executado a cada hora, aos :05.
2026-10-09 13:05:00,255 INFO: Iniciando collect.py.
2026-10-09 13:05:40,855 INFO: collect.py terminou com sucesso.
2026-10-09 14:05:00,848 INFO: Iniciando collect.py.
2026-10-09 14:05:44,770 INFO: collect.py terminou com sucesso.
2026-10-09 14:41:55,008 INFO: Iniciando collect.py.
2026-10-09 14:42:39,804 INFO: collect.py terminou com sucesso.
2026-10-09 14:42:39,805 INFO: Agendamento ativo: collect.py será executado a cada hora, aos :05.
2026-10-09 15:05:00,093 INFO: Iniciando collect.py.
2026-10-09 15:05:42,174 INFO: collect.py terminou com sucesso.
2026-10-09 16:05:00,891 INFO: Iniciando collect.py.
2026-10-09 16:05:46,095 INFO: collect.py terminou com sucesso.
2026-10-09 17:05:00,476 INFO: Iniciando collect.py.
2026-10-09 17:05:47,077 INFO: collect.py terminou com sucesso.
